// Jest Snapshot v1, https://goo.gl/fbAQLP

exports[`app matches snapshot 1`] = `[Function]`;

exports[`logo matches snapshot 1`] = `
Object {
  "asFragment": [Function],
  "baseElement": <body>
    <div>
      <div
        class="Toastify"
      />
      <div
        class="logoContainer"
        role="homeButton"
      >
        <div
          class="logo"
          role="image"
        >
          <img
            src="appLogo.svg"
          />
        </div>
        <div
          class="title"
        >
          <h4
            class="MuiTypography-root makeStyles-title-43 MuiTypography-h4 MuiTypography-noWrap MuiTypography-alignRight"
            role="title"
          >
            WineEncyclopedia
          </h4>
        </div>
      </div>
      <div
        class="layout"
      >
        <div
          class="overview"
        >
          <div
            class="sidebar"
          >
            <nav
              class="MuiList-root makeStyles-appMenu-44"
            >
              <div
                aria-disabled="false"
                class="MuiButtonBase-root MuiListItem-root makeStyles-menuItem-46 MuiListItem-gutters MuiListItem-button"
                id="kategoriId"
                role="button"
                tabindex="0"
              >
                <div
                  class="MuiListItemIcon-root makeStyles-menuItemIcon-47"
                >
                  <svg
                    aria-hidden="true"
                    class="MuiSvgIcon-root"
                    focusable="false"
                    viewBox="0 0 24 24"
                  >
                    <path
                      d="M3 13h8V3H3v10zm0 8h8v-6H3v6zm10 0h8V11h-8v10zm0-18v6h8V3h-8z"
                    />
                  </svg>
                </div>
                <div
                  class="MuiListItemText-root"
                >
                  <span
                    class="MuiTypography-root MuiListItemText-primary MuiTypography-body1 MuiTypography-displayBlock"
                  >
                    Kategori
                  </span>
                </div>
                <svg
                  aria-hidden="true"
                  class="MuiSvgIcon-root"
                  focusable="false"
                  viewBox="0 0 24 24"
                >
                  <path
                    d="M16.59 8.59L12 13.17 7.41 8.59 6 10l6 6 6-6z"
                  />
                </svg>
                <span
                  class="MuiTouchRipple-root"
                />
              </div>
              <div
                aria-disabled="false"
                class="MuiButtonBase-root MuiListItem-root makeStyles-menuItem-46 MuiListItem-gutters MuiListItem-button"
                role="button"
                tabindex="0"
              >
                <div
                  class="MuiListItemIcon-root makeStyles-menuItemIcon-47"
                >
                  <svg
                    aria-hidden="true"
                    class="MuiSvgIcon-root"
                    focusable="false"
                    viewBox="0 0 24 24"
                  >
                    <path
                      d="M3 2l2.01 18.23C5.13 21.23 5.97 22 7 22h10c1.03 0 1.87-.77 1.99-1.77L21 2H3zm9 17c-1.66 0-3-1.34-3-3 0-2 3-5.4 3-5.4s3 3.4 3 5.4c0 1.66-1.34 3-3 3zm6.33-11H5.67l-.44-4h13.53l-.43 4z"
                    />
                  </svg>
                </div>
                <div
                  class="MuiListItemText-root"
                >
                  <span
                    class="MuiTypography-root MuiListItemText-primary MuiTypography-body1 MuiTypography-displayBlock"
                  >
                    Volum
                  </span>
                </div>
                <svg
                  aria-hidden="true"
                  class="MuiSvgIcon-root"
                  focusable="false"
                  viewBox="0 0 24 24"
                >
                  <path
                    d="M16.59 8.59L12 13.17 7.41 8.59 6 10l6 6 6-6z"
                  />
                </svg>
                <span
                  class="MuiTouchRipple-root"
                />
              </div>
              <div
                aria-disabled="false"
                class="MuiButtonBase-root MuiListItem-root makeStyles-menuItem-46 MuiListItem-gutters MuiListItem-button"
                role="button"
                tabindex="0"
              >
                <div
                  class="MuiListItemIcon-root makeStyles-menuItemIcon-47"
                >
                  <svg
                    aria-hidden="true"
                    class="MuiSvgIcon-root"
                    focusable="false"
                    viewBox="0 0 24 24"
                  >
                    <path
                      d="M11.8 10.9c-2.27-.59-3-1.2-3-2.15 0-1.09 1.01-1.85 2.7-1.85 1.78 0 2.44.85 2.5 2.1h2.21c-.07-1.72-1.12-3.3-3.21-3.81V3h-3v2.16c-1.94.42-3.5 1.68-3.5 3.61 0 2.31 1.91 3.46 4.7 4.13 2.5.6 3 1.48 3 2.41 0 .69-.49 1.79-2.7 1.79-2.06 0-2.87-.92-2.98-2.1h-2.2c.12 2.19 1.76 3.42 3.68 3.83V21h3v-2.15c1.95-.37 3.5-1.5 3.5-3.55 0-2.84-2.43-3.81-4.7-4.4z"
                    />
                  </svg>
                </div>
                <div
                  class="MuiListItemText-root"
                >
                  <span
                    class="MuiTypography-root MuiListItemText-primary MuiTypography-body1 MuiTypography-displayBlock"
                  >
                    Pris
                  </span>
                </div>
                <svg
                  aria-hidden="true"
                  class="MuiSvgIcon-root"
                  focusable="false"
                  viewBox="0 0 24 24"
                >
                  <path
                    d="M16.59 8.59L12 13.17 7.41 8.59 6 10l6 6 6-6z"
                  />
                </svg>
                <span
                  class="MuiTouchRipple-root"
                />
              </div>
            </nav>
          </div>
          <div
            class="loadingIndicator"
            role="loading"
          >
            <div
              class="makeStyles-root-56"
            >
              <div
                class="MuiCircularProgress-root MuiCircularProgress-colorPrimary MuiCircularProgress-indeterminate"
                role="progressbar"
                style="width: 6rem; height: 6rem;"
              >
                <svg
                  class="MuiCircularProgress-svg"
                  viewBox="22 22 44 44"
                >
                  <circle
                    class="MuiCircularProgress-circle MuiCircularProgress-circleIndeterminate"
                    cx="44"
                    cy="44"
                    fill="none"
                    r="20.2"
                    stroke-width="3.6"
                  />
                </svg>
              </div>
            </div>
          </div>
        </div>
      </div>
    </div>
  </body>,
  "container": <div>
    <div
      class="Toastify"
    />
    <div
      class="logoContainer"
      role="homeButton"
    >
      <div
        class="logo"
        role="image"
      >
        <img
          src="appLogo.svg"
        />
      </div>
      <div
        class="title"
      >
        <h4
          class="MuiTypography-root makeStyles-title-43 MuiTypography-h4 MuiTypography-noWrap MuiTypography-alignRight"
          role="title"
        >
          WineEncyclopedia
        </h4>
      </div>
    </div>
    <div
      class="layout"
    >
      <div
        class="overview"
      >
        <div
          class="sidebar"
        >
          <nav
            class="MuiList-root makeStyles-appMenu-44"
          >
            <div
              aria-disabled="false"
              class="MuiButtonBase-root MuiListItem-root makeStyles-menuItem-46 MuiListItem-gutters MuiListItem-button"
              id="kategoriId"
              role="button"
              tabindex="0"
            >
              <div
                class="MuiListItemIcon-root makeStyles-menuItemIcon-47"
              >
                <svg
                  aria-hidden="true"
                  class="MuiSvgIcon-root"
                  focusable="false"
                  viewBox="0 0 24 24"
                >
                  <path
                    d="M3 13h8V3H3v10zm0 8h8v-6H3v6zm10 0h8V11h-8v10zm0-18v6h8V3h-8z"
                  />
                </svg>
              </div>
              <div
                class="MuiListItemText-root"
              >
                <span
                  class="MuiTypography-root MuiListItemText-primary MuiTypography-body1 MuiTypography-displayBlock"
                >
                  Kategori
                </span>
              </div>
              <svg
                aria-hidden="true"
                class="MuiSvgIcon-root"
                focusable="false"
                viewBox="0 0 24 24"
              >
                <path
                  d="M16.59 8.59L12 13.17 7.41 8.59 6 10l6 6 6-6z"
                />
              </svg>
              <span
                class="MuiTouchRipple-root"
              />
            </div>
            <div
              aria-disabled="false"
              class="MuiButtonBase-root MuiListItem-root makeStyles-menuItem-46 MuiListItem-gutters MuiListItem-button"
              role="button"
              tabindex="0"
            >
              <div
                class="MuiListItemIcon-root makeStyles-menuItemIcon-47"
              >
                <svg
                  aria-hidden="true"
                  class="MuiSvgIcon-root"
                  focusable="false"
                  viewBox="0 0 24 24"
                >
                  <path
                    d="M3 2l2.01 18.23C5.13 21.23 5.97 22 7 22h10c1.03 0 1.87-.77 1.99-1.77L21 2H3zm9 17c-1.66 0-3-1.34-3-3 0-2 3-5.4 3-5.4s3 3.4 3 5.4c0 1.66-1.34 3-3 3zm6.33-11H5.67l-.44-4h13.53l-.43 4z"
                  />
                </svg>
              </div>
              <div
                class="MuiListItemText-root"
              >
                <span
                  class="MuiTypography-root MuiListItemText-primary MuiTypography-body1 MuiTypography-displayBlock"
                >
                  Volum
                </span>
              </div>
              <svg
                aria-hidden="true"
                class="MuiSvgIcon-root"
                focusable="false"
                viewBox="0 0 24 24"
              >
                <path
                  d="M16.59 8.59L12 13.17 7.41 8.59 6 10l6 6 6-6z"
                />
              </svg>
              <span
                class="MuiTouchRipple-root"
              />
            </div>
            <div
              aria-disabled="false"
              class="MuiButtonBase-root MuiListItem-root makeStyles-menuItem-46 MuiListItem-gutters MuiListItem-button"
              role="button"
              tabindex="0"
            >
              <div
                class="MuiListItemIcon-root makeStyles-menuItemIcon-47"
              >
                <svg
                  aria-hidden="true"
                  class="MuiSvgIcon-root"
                  focusable="false"
                  viewBox="0 0 24 24"
                >
                  <path
                    d="M11.8 10.9c-2.27-.59-3-1.2-3-2.15 0-1.09 1.01-1.85 2.7-1.85 1.78 0 2.44.85 2.5 2.1h2.21c-.07-1.72-1.12-3.3-3.21-3.81V3h-3v2.16c-1.94.42-3.5 1.68-3.5 3.61 0 2.31 1.91 3.46 4.7 4.13 2.5.6 3 1.48 3 2.41 0 .69-.49 1.79-2.7 1.79-2.06 0-2.87-.92-2.98-2.1h-2.2c.12 2.19 1.76 3.42 3.68 3.83V21h3v-2.15c1.95-.37 3.5-1.5 3.5-3.55 0-2.84-2.43-3.81-4.7-4.4z"
                  />
                </svg>
              </div>
              <div
                class="MuiListItemText-root"
              >
                <span
                  class="MuiTypography-root MuiListItemText-primary MuiTypography-body1 MuiTypography-displayBlock"
                >
                  Pris
                </span>
              </div>
              <svg
                aria-hidden="true"
                class="MuiSvgIcon-root"
                focusable="false"
                viewBox="0 0 24 24"
              >
                <path
                  d="M16.59 8.59L12 13.17 7.41 8.59 6 10l6 6 6-6z"
                />
              </svg>
              <span
                class="MuiTouchRipple-root"
              />
            </div>
          </nav>
        </div>
        <div
          class="loadingIndicator"
          role="loading"
        >
          <div
            class="makeStyles-root-56"
          >
            <div
              class="MuiCircularProgress-root MuiCircularProgress-colorPrimary MuiCircularProgress-indeterminate"
              role="progressbar"
              style="width: 6rem; height: 6rem;"
            >
              <svg
                class="MuiCircularProgress-svg"
                viewBox="22 22 44 44"
              >
                <circle
                  class="MuiCircularProgress-circle MuiCircularProgress-circleIndeterminate"
                  cx="44"
                  cy="44"
                  fill="none"
                  r="20.2"
                  stroke-width="3.6"
                />
              </svg>
            </div>
          </div>
        </div>
      </div>
    </div>
  </div>,
  "debug": [Function],
  "findAllByAltText": [Function],
  "findAllByDisplayValue": [Function],
  "findAllByLabelText": [Function],
  "findAllByPlaceholderText": [Function],
  "findAllByRole": [Function],
  "findAllByTestId": [Function],
  "findAllByText": [Function],
  "findAllByTitle": [Function],
  "findByAltText": [Function],
  "findByDisplayValue": [Function],
  "findByLabelText": [Function],
  "findByPlaceholderText": [Function],
  "findByRole": [Function],
  "findByTestId": [Function],
  "findByText": [Function],
  "findByTitle": [Function],
  "getAllByAltText": [Function],
  "getAllByDisplayValue": [Function],
  "getAllByLabelText": [Function],
  "getAllByPlaceholderText": [Function],
  "getAllByRole": [Function],
  "getAllByTestId": [Function],
  "getAllByText": [Function],
  "getAllByTitle": [Function],
  "getByAltText": [Function],
  "getByDisplayValue": [Function],
  "getByLabelText": [Function],
  "getByPlaceholderText": [Function],
  "getByRole": [Function],
  "getByTestId": [Function],
  "getByText": [Function],
  "getByTitle": [Function],
  "queryAllByAltText": [Function],
  "queryAllByDisplayValue": [Function],
  "queryAllByLabelText": [Function],
  "queryAllByPlaceholderText": [Function],
  "queryAllByRole": [Function],
  "queryAllByTestId": [Function],
  "queryAllByText": [Function],
  "queryAllByTitle": [Function],
  "queryByAltText": [Function],
  "queryByDisplayValue": [Function],
  "queryByLabelText": [Function],
  "queryByPlaceholderText": [Function],
  "queryByRole": [Function],
  "queryByTestId": [Function],
  "queryByText": [Function],
  "queryByTitle": [Function],
  "rerender": [Function],
  "unmount": [Function],
}
`;
